{
  "version": "1.5.0",
  "plugins_used": [
    {
      "name": "ArtifactoryDetector"
    },
    {
      "name": "AWSKeyDetector"
    },
    {
      "name": "AzureStorageKeyDetector"
    },
    {
      "name": "Base64HighEntropyString",
      "limit": 4.5
    },
    {
      "name": "BasicAuthDetector"
    },
    {
      "name": "CloudantDetector"
    },
    {
      "name": "DiscordBotTokenDetector"
    },
    {
      "name": "GitHubTokenDetector"
    },
    {
      "name": "GitLabTokenDetector"
    },
    {
      "name": "HexHighEntropyString",
      "limit": 3.0
    },
    {
      "name": "IbmCloudIamDetector"
    },
    {
      "name": "IbmCosHmacDetector"
    },
    {
      "name": "IPPublicDetector"
    },
    {
      "name": "JwtTokenDetector"
    },
    {
      "name": "KeywordDetector",
      "keyword_exclude": ""
    },
    {
      "name": "MailchimpDetector"
    },
    {
      "name": "NpmDetector"
    },
    {
      "name": "OpenAIDetector"
    },
    {
      "name": "PrivateKeyDetector"
    },
    {
      "name": "PypiTokenDetector"
    },
    {
      "name": "SendGridDetector"
    },
    {
      "name": "SlackDetector"
    },
    {
      "name": "SoftlayerDetector"
    },
    {
      "name": "SquareOAuthDetector"
    },
    {
      "name": "StripeDetector"
    },
    {
      "name": "TelegramBotTokenDetector"
    },
    {
      "name": "TwilioKeyDetector"
    }
  ],
  "filters_used": [
    {
      "path": "detect_secrets.filters.allowlist.is_line_allowlisted"
    },
    {
      "path": "detect_secrets.filters.common.is_baseline_file",
      "filename": ".secrets.baseline"
    },
    {
      "path": "detect_secrets.filters.common.is_ignored_due_to_verification_policies",
      "min_level": 2
    },
    {
      "path": "detect_secrets.filters.heuristic.is_indirect_reference"
    },
    {
      "path": "detect_secrets.filters.heuristic.is_likely_id_string"
    },
    {
      "path": "detect_secrets.filters.heuristic.is_lock_file"
    },
    {
      "path": "detect_secrets.filters.heuristic.is_not_alphanumeric_string"
    },
    {
      "path": "detect_secrets.filters.heuristic.is_potential_uuid"
    },
    {
      "path": "detect_secrets.filters.heuristic.is_prefixed_with_dollar_sign"
    },
    {
      "path": "detect_secrets.filters.heuristic.is_sequential_string"
    },
    {
      "path": "detect_secrets.filters.heuristic.is_swagger_file"
    },
    {
      "path": "detect_secrets.filters.heuristic.is_templated_secret"
    }
  ],
  "results": {
    "INSTALLATION_REPORT.md": [
      {
        "type": "GitHub Token",
        "filename": "INSTALLATION_REPORT.md",
        "hashed_secret": "e175c6f5f2a92e8623bd9a4820edb4e8c1b0fd10",
        "is_verified": false,
        "line_number": 153
      }
    ],
    "docs/inventory/services.yaml": [
      {
        "type": "Secret Keyword",
        "filename": "docs/inventory/services.yaml",
        "hashed_secret": "734ab84a65f48409010cd029bbff0d336a346222",
        "is_verified": false,
        "line_number": 18
      },
      {
        "type": "Secret Keyword",
        "filename": "docs/inventory/services.yaml",
        "hashed_secret": "e333d7112b6858923fcbdae5ac71fd8fa4d9fbd7",
        "is_verified": false,
        "line_number": 219
      },
      {
        "type": "Secret Keyword",
        "filename": "docs/inventory/services.yaml",
        "hashed_secret": "1ee4e5bd1127e3c1e83348d3f2d62173abdd17d1",
        "is_verified": false,
        "line_number": 241
      },
      {
        "type": "Secret Keyword",
        "filename": "docs/inventory/services.yaml",
        "hashed_secret": "139be54a435638d73ee938b2df87c9e74d089736",
        "is_verified": false,
        "line_number": 265
      },
      {
        "type": "Secret Keyword",
        "filename": "docs/inventory/services.yaml",
        "hashed_secret": "cdcebc21db4cf12237688869f3f3eef9586cef64",
        "is_verified": false,
        "line_number": 281
      },
      {
        "type": "Secret Keyword",
        "filename": "docs/inventory/services.yaml",
        "hashed_secret": "7d258995891a89d319a7b232015c1555091811e6",
        "is_verified": false,
        "line_number": 299
      },
      {
        "type": "Secret Keyword",
        "filename": "docs/inventory/services.yaml",
        "hashed_secret": "5811812e75fb9a75084ab76bf15612a07a62f7b3",
        "is_verified": false,
        "line_number": 309
      },
      {
        "type": "Secret Keyword",
        "filename": "docs/inventory/services.yaml",
        "hashed_secret": "80e22aecf010fb53f133fa78ce2a2a1071d58d88",
        "is_verified": false,
        "line_number": 324
      }
    ],
    "landing/.env.example": [
      {
        "type": "Basic Auth Credentials",
        "filename": "landing/.env.example",
        "hashed_secret": "5baa61e4c9b93f3f0682250b6cf8331b7ee68fd8",
        "is_verified": false,
        "line_number": 13
      }
    ],
    "tests/conftest.py": [
      {
        "type": "Hex High Entropy String",
        "filename": "tests/conftest.py",
        "hashed_secret": "90bd1b48e958257948487b90bee080ba5ed00caa",
        "is_verified": false,
        "line_number": 72
      },
      {
        "type": "Secret Keyword",
        "filename": "tests/conftest.py",
        "hashed_secret": "caf809dc61f9f77b1caf14f036c3d9cdd641e896",
        "is_verified": false,
        "line_number": 98
      },
      {
        "type": "Secret Keyword",
        "filename": "tests/conftest.py",
        "hashed_secret": "95cfb33d5e102631e226e7ff9da4b17d6ba5f3e4",
        "is_verified": false,
        "line_number": 186
      },
      {
        "type": "Secret Keyword",
        "filename": "tests/conftest.py",
        "hashed_secret": "cd55f76cc19db1f5ade150ee7bae3affabcf0a00",
        "is_verified": false,
        "line_number": 187
      }
    ],
    "tests/unit/test_llm_client.py": [
      {
        "type": "Secret Keyword",
        "filename": "tests/unit/test_llm_client.py",
        "hashed_secret": "e9a5f12a8ecbb3eb46eca5096b5c52aa5e7c9fdd",
        "is_verified": false,
        "line_number": 10
      },
      {
        "type": "Secret Keyword",
        "filename": "tests/unit/test_llm_client.py",
        "hashed_secret": "bb3be8e9392f90cd6fdd90f9ffc3cc40e2d6b670",
        "is_verified": false,
        "line_number": 35
      }
    ]
  },
  "generated_at": "2026-07-24T09:02:18Z"
}
