{
  "version": "1.5.0",
  "plugins_used": [
    {
      "name": "ArtifactoryDetector"
    },
    {
      "name": "AWSKeyDetector"
    },
    {
      "name": "AzureStorageKeyDetector"
    },
    {
      "name": "Base64HighEntropyString",
      "limit": 4.5
    },
    {
      "name": "BasicAuthDetector"
    },
    {
      "name": "CloudantDetector"
    },
    {
      "name": "DiscordBotTokenDetector"
    },
    {
      "name": "GitHubTokenDetector"
    },
    {
      "name": "GitLabTokenDetector"
    },
    {
      "name": "HexHighEntropyString",
      "limit": 3.0
    },
    {
      "name": "IbmCloudIamDetector"
    },
    {
      "name": "IbmCosHmacDetector"
    },
    {
      "name": "IPPublicDetector"
    },
    {
      "name": "JwtTokenDetector"
    },
    {
      "name": "KeywordDetector",
      "keyword_exclude": ""
    },
    {
      "name": "MailchimpDetector"
    },
    {
      "name": "NpmDetector"
    },
    {
      "name": "OpenAIDetector"
    },
    {
      "name": "PrivateKeyDetector"
    },
    {
      "name": "PypiTokenDetector"
    },
    {
      "name": "SendGridDetector"
    },
    {
      "name": "SlackDetector"
    },
    {
      "name": "SoftlayerDetector"
    },
    {
      "name": "SquareOAuthDetector"
    },
    {
      "name": "StripeDetector"
    },
    {
      "name": "TelegramBotTokenDetector"
    },
    {
      "name": "TwilioKeyDetector"
    }
  ],
  "filters_used": [
    {
      "path": "detect_secrets.filters.allowlist.is_line_allowlisted"
    },
    {
      "path": "detect_secrets.filters.common.is_ignored_due_to_verification_policies",
      "min_level": 2
    },
    {
      "path": "detect_secrets.filters.heuristic.is_indirect_reference"
    },
    {
      "path": "detect_secrets.filters.heuristic.is_likely_id_string"
    },
    {
      "path": "detect_secrets.filters.heuristic.is_lock_file"
    },
    {
      "path": "detect_secrets.filters.heuristic.is_not_alphanumeric_string"
    },
    {
      "path": "detect_secrets.filters.heuristic.is_potential_uuid"
    },
    {
      "path": "detect_secrets.filters.heuristic.is_prefixed_with_dollar_sign"
    },
    {
      "path": "detect_secrets.filters.heuristic.is_sequential_string"
    },
    {
      "path": "detect_secrets.filters.heuristic.is_swagger_file"
    },
    {
      "path": "detect_secrets.filters.heuristic.is_templated_secret"
    }
  ],
  "results": {
    ".env.example": [
      {
        "type": "Basic Auth Credentials",
        "filename": ".env.example",
        "hashed_secret": "5baa61e4c9b93f3f0682250b6cf8331b7ee68fd8",
        "is_verified": false,
        "line_number": 110
      }
    ],
    "README.md": [
      {
        "type": "Secret Keyword",
        "filename": "README.md",
        "hashed_secret": "9352df1c0850d2e36c7f44567e1c8e124d7b0d92",
        "is_verified": false,
        "line_number": 135
      }
    ],
    "docs/API_EXAMPLES.md": [
      {
        "type": "Secret Keyword",
        "filename": "docs/API_EXAMPLES.md",
        "hashed_secret": "c64f423dda3602ef5e2cede27e0520cd505166bc",
        "is_verified": false,
        "line_number": 158
      }
    ],
    "docs/ARCHITECTURE.md": [
      {
        "type": "Secret Keyword",
        "filename": "docs/ARCHITECTURE.md",
        "hashed_secret": "9352df1c0850d2e36c7f44567e1c8e124d7b0d92",
        "is_verified": false,
        "line_number": 280
      }
    ],
    "docs/LANDING_PAGE_CONFIG.json": [
      {
        "type": "Secret Keyword",
        "filename": "docs/LANDING_PAGE_CONFIG.json",
        "hashed_secret": "bc2625ffbce7f00bfb678d13f9eab9f40836c70f",
        "is_verified": false,
        "line_number": 273
      },
      {
        "type": "Secret Keyword",
        "filename": "docs/LANDING_PAGE_CONFIG.json",
        "hashed_secret": "2d983d67e7e74c99167db7add78bbc21916f5136",
        "is_verified": false,
        "line_number": 276
      }
    ],
    "tests/conftest.py": [
      {
        "type": "Secret Keyword",
        "filename": "tests/conftest.py",
        "hashed_secret": "69dba6dfc0be932d10cdbfaae770c300cd7e0e3c",
        "is_verified": false,
        "line_number": 39
      }
    ],
    "tests/test_ai_agent.py": [
      {
        "type": "Secret Keyword",
        "filename": "tests/test_ai_agent.py",
        "hashed_secret": "00942f4668670f34c5943cf52c7ef3139fe2b8d6",
        "is_verified": false,
        "line_number": 19
      },
      {
        "type": "Secret Keyword",
        "filename": "tests/test_ai_agent.py",
        "hashed_secret": "f2b14f68eb995facb3a1c35287b778d5bd785511",
        "is_verified": false,
        "line_number": 226
      }
    ],
    "tests/test_ai_optimization.py": [
      {
        "type": "Hex High Entropy String",
        "filename": "tests/test_ai_optimization.py",
        "hashed_secret": "90bd1b48e958257948487b90bee080ba5ed00caa",
        "is_verified": false,
        "line_number": 72
      }
    ],
    "tests/test_core.py": [
      {
        "type": "Secret Keyword",
        "filename": "tests/test_core.py",
        "hashed_secret": "fd9a45bc0b07706d849cf85021ecf9123fa83d82",
        "is_verified": false,
        "line_number": 294
      },
      {
        "type": "Secret Keyword",
        "filename": "tests/test_core.py",
        "hashed_secret": "766a6e8998aefe2117d62c2d48411e43161ffa11",
        "is_verified": false,
        "line_number": 444
      },
      {
        "type": "Secret Keyword",
        "filename": "tests/test_core.py",
        "hashed_secret": "e9a5f12a8ecbb3eb46eca5096b5c52aa5e7c9fdd",
        "is_verified": false,
        "line_number": 664
      }
    ],
    "tests/test_orchestrator.py": [
      {
        "type": "Secret Keyword",
        "filename": "tests/test_orchestrator.py",
        "hashed_secret": "00942f4668670f34c5943cf52c7ef3139fe2b8d6",
        "is_verified": false,
        "line_number": 24
      }
    ],
    "tests/unit/test_llm_provider.py": [
      {
        "type": "Secret Keyword",
        "filename": "tests/unit/test_llm_provider.py",
        "hashed_secret": "e9a5f12a8ecbb3eb46eca5096b5c52aa5e7c9fdd",
        "is_verified": false,
        "line_number": 15
      },
      {
        "type": "Secret Keyword",
        "filename": "tests/unit/test_llm_provider.py",
        "hashed_secret": "2e7c0ad0bddb3492f64f28dc8709e4f52c432ad7",
        "is_verified": false,
        "line_number": 16
      }
    ],
    "tests/unit/test_orchestrator_agent.py": [
      {
        "type": "Secret Keyword",
        "filename": "tests/unit/test_orchestrator_agent.py",
        "hashed_secret": "e9a5f12a8ecbb3eb46eca5096b5c52aa5e7c9fdd",
        "is_verified": false,
        "line_number": 16
      }
    ],
    "tests/unit/test_policy_and_rollback.py": [
      {
        "type": "Hex High Entropy String",
        "filename": "tests/unit/test_policy_and_rollback.py",
        "hashed_secret": "90bd1b48e958257948487b90bee080ba5ed00caa",
        "is_verified": false,
        "line_number": 55
      }
    ]
  },
  "generated_at": "2026-05-08T10:10:49Z"
}
